// Jest Snapshot v1, https://goo.gl/fbAQLP

exports[`Data packages (e2e) /data-packages/historical/mock-data-service-1 (GET): historical-data 1`] = `
[
  {
    "dataFeedId": "___ALL_FEEDS___",
    "dataPoints": [
      {
        "dataFeedId": "XD",
        "metadata": {
          "sources": {
            "exchange_1": "1.19",
            "exchange_2": "1.20",
            "exchange_3": "1.21",
          },
          "type": "HEX_BIG_INT",
        },
        "value": "AAAAAAAAAAAAAAAAAAAAAAAAAAAAAAAAAAAAAAcnDgA=",
      },
      {
        "dataFeedId": "mock-data-feed-id-1",
        "value": 42,
      },
      {
        "dataFeedId": "mock-data-feed-id-2",
        "value": 123,
      },
    ],
    "dataServiceId": "mock-data-service-1",
    "isSignatureValid": true,
    "signature": "PJkkAPFdAh24XW5IyiFbdL2Sjhsl7S7kLSGoiCACZZtGNjkeHXiFed7Zq4KP1pMVAanBp5B+qmtKb9Wht5RANxw=",
    "signerAddress": "0x2",
    "timestampMilliseconds": 1654353399000,
  },
  {
    "dataFeedId": "___ALL_FEEDS___",
    "dataPoints": [
      {
        "dataFeedId": "XD",
        "metadata": {
          "sources": {
            "exchange_1": "1.19",
            "exchange_2": "1.20",
            "exchange_3": "1.21",
          },
          "type": "HEX_BIG_INT",
        },
        "value": "AAAAAAAAAAAAAAAAAAAAAAAAAAAAAAAAAAAAAAcnDgA=",
      },
      {
        "dataFeedId": "mock-data-feed-id-1",
        "value": 42,
      },
      {
        "dataFeedId": "mock-data-feed-id-2",
        "value": 123,
      },
    ],
    "dataServiceId": "mock-data-service-1",
    "isSignatureValid": true,
    "signature": "PJkkAPFdAh24XW5IyiFbdL2Sjhsl7S7kLSGoiCACZZtGNjkeHXiFed7Zq4KP1pMVAanBp5B+qmtKb9Wht5RANxw=",
    "signerAddress": "0x3",
    "timestampMilliseconds": 1654353399000,
  },
  {
    "dataFeedId": "___ALL_FEEDS___",
    "dataPoints": [
      {
        "dataFeedId": "XD",
        "metadata": {
          "sources": {
            "exchange_1": "1.19",
            "exchange_2": "1.20",
            "exchange_3": "1.21",
          },
          "type": "HEX_BIG_INT",
        },
        "value": "AAAAAAAAAAAAAAAAAAAAAAAAAAAAAAAAAAAAAAcnDgA=",
      },
      {
        "dataFeedId": "mock-data-feed-id-1",
        "value": 42,
      },
      {
        "dataFeedId": "mock-data-feed-id-2",
        "value": 123,
      },
    ],
    "dataServiceId": "mock-data-service-1",
    "isSignatureValid": true,
    "signature": "PJkkAPFdAh24XW5IyiFbdL2Sjhsl7S7kLSGoiCACZZtGNjkeHXiFed7Zq4KP1pMVAanBp5B+qmtKb9Wht5RANxw=",
    "signerAddress": "0x4",
    "timestampMilliseconds": 1654353399000,
  },
  {
    "dataFeedId": "___ALL_FEEDS___",
    "dataPoints": [
      {
        "dataFeedId": "XD",
        "metadata": {
          "sources": {
            "exchange_1": "1.19",
            "exchange_2": "1.20",
            "exchange_3": "1.21",
          },
          "type": "HEX_BIG_INT",
        },
        "value": "AAAAAAAAAAAAAAAAAAAAAAAAAAAAAAAAAAAAAAcnDgA=",
      },
      {
        "dataFeedId": "mock-data-feed-id-1",
        "value": 42,
      },
      {
        "dataFeedId": "mock-data-feed-id-2",
        "value": 123,
      },
    ],
    "dataServiceId": "mock-data-service-1",
    "isSignatureValid": true,
    "signature": "PJkkAPFdAh24XW5IyiFbdL2Sjhsl7S7kLSGoiCACZZtGNjkeHXiFed7Zq4KP1pMVAanBp5B+qmtKb9Wht5RANxw=",
    "signerAddress": "0x5",
    "timestampMilliseconds": 1654353399000,
  },
  {
    "dataFeedId": "___ALL_FEEDS___",
    "dataPoints": [
      {
        "dataFeedId": "XD",
        "metadata": {
          "sources": {
            "exchange_1": "1.19",
            "exchange_2": "1.20",
            "exchange_3": "1.21",
          },
          "type": "HEX_BIG_INT",
        },
        "value": "AAAAAAAAAAAAAAAAAAAAAAAAAAAAAAAAAAAAAAcnDgA=",
      },
      {
        "dataFeedId": "mock-data-feed-id-1",
        "value": 42,
      },
      {
        "dataFeedId": "mock-data-feed-id-2",
        "value": 123,
      },
    ],
    "dataServiceId": "mock-data-service-1",
    "isSignatureValid": true,
    "signature": "PJkkAPFdAh24XW5IyiFbdL2Sjhsl7S7kLSGoiCACZZtGNjkeHXiFed7Zq4KP1pMVAanBp5B+qmtKb9Wht5RANxw=",
    "signerAddress": "0xf39Fd6e51aad88F6F4ce6aB8827279cffFb92266",
    "timestampMilliseconds": 1654353399000,
  },
]
`;
